------------------------------------------------------------
TimeQuest Timing Analyzer Summary
------------------------------------------------------------

Type  : Slow 1200mV 85C Model Setup 'clock'
Slack : -7.945
TNS   : -2820.537

Type  : Slow 1200mV 85C Model Setup 'reset'
Slack : -6.494
TNS   : -1574.306

Type  : Slow 1200mV 85C Model Hold 'reset'
Slack : -0.453
TNS   : -23.400

Type  : Slow 1200mV 85C Model Hold 'clock'
Slack : 0.400
TNS   : 0.000

Type  : Slow 1200mV 85C Model Recovery 'clock'
Slack : -4.182
TNS   : -2112.169

Type  : Slow 1200mV 85C Model Recovery 'reset'
Slack : -2.627
TNS   : -850.875

Type  : Slow 1200mV 85C Model Removal 'clock'
Slack : -0.187
TNS   : -14.140

Type  : Slow 1200mV 85C Model Removal 'reset'
Slack : 0.063
TNS   : 0.000

Type  : Slow 1200mV 85C Model Minimum Pulse Width 'clock'
Slack : -3.000
TNS   : -1014.295

Type  : Slow 1200mV 85C Model Minimum Pulse Width 'reset'
Slack : -3.000
TNS   : -3.000

Type  : Slow 1200mV 85C Model Minimum Pulse Width 'MainMemory:Unit2|slowClock'
Slack : -2.693
TNS   : -86.176

Type  : Slow 1200mV 0C Model Setup 'clock'
Slack : -7.227
TNS   : -2536.512

Type  : Slow 1200mV 0C Model Setup 'reset'
Slack : -5.967
TNS   : -1417.056

Type  : Slow 1200mV 0C Model Hold 'reset'
Slack : -0.388
TNS   : -18.463

Type  : Slow 1200mV 0C Model Hold 'clock'
Slack : 0.353
TNS   : 0.000

Type  : Slow 1200mV 0C Model Recovery 'clock'
Slack : -3.693
TNS   : -1862.816

Type  : Slow 1200mV 0C Model Recovery 'reset'
Slack : -2.646
TNS   : -884.585

Type  : Slow 1200mV 0C Model Removal 'clock'
Slack : -0.184
TNS   : -14.058

Type  : Slow 1200mV 0C Model Removal 'reset'
Slack : 0.097
TNS   : 0.000

Type  : Slow 1200mV 0C Model Minimum Pulse Width 'clock'
Slack : -3.000
TNS   : -1014.295

Type  : Slow 1200mV 0C Model Minimum Pulse Width 'reset'
Slack : -3.000
TNS   : -3.000

Type  : Slow 1200mV 0C Model Minimum Pulse Width 'MainMemory:Unit2|slowClock'
Slack : -2.649
TNS   : -84.768

Type  : Fast 1200mV 0C Model Setup 'clock'
Slack : -3.729
TNS   : -1160.587

Type  : Fast 1200mV 0C Model Setup 'reset'
Slack : -2.911
TNS   : -511.440

Type  : Fast 1200mV 0C Model Hold 'reset'
Slack : -0.511
TNS   : -133.773

Type  : Fast 1200mV 0C Model Hold 'clock'
Slack : 0.157
TNS   : 0.000

Type  : Fast 1200mV 0C Model Recovery 'clock'
Slack : -1.941
TNS   : -986.022

Type  : Fast 1200mV 0C Model Recovery 'reset'
Slack : -1.044
TNS   : -275.075

Type  : Fast 1200mV 0C Model Removal 'clock'
Slack : -0.109
TNS   : -8.340

Type  : Fast 1200mV 0C Model Removal 'reset'
Slack : 0.096
TNS   : 0.000

Type  : Fast 1200mV 0C Model Minimum Pulse Width 'clock'
Slack : -3.000
TNS   : -852.575

Type  : Fast 1200mV 0C Model Minimum Pulse Width 'reset'
Slack : -3.000
TNS   : -3.000

Type  : Fast 1200mV 0C Model Minimum Pulse Width 'MainMemory:Unit2|slowClock'
Slack : -1.000
TNS   : -32.000

------------------------------------------------------------
