Flow report for Cache
Mon Mar 21 20:06:02 2016
Quartus II 64-Bit Version 14.0.2 Build 209 09/17/2014 SJ Full Version


---------------------
; Table of Contents ;
---------------------
  1. Legal Notice
  2. Flow Summary
  3. Flow Settings
  4. Flow Non-Default Global Settings
  5. Flow Elapsed Time
  6. Flow OS Summary
  7. Flow Log
  8. Flow Messages
  9. Flow Suppressed Messages



----------------
; Legal Notice ;
----------------
Copyright (C) 1991-2014 Altera Corporation. All rights reserved.
Your use of Altera Corporation's design tools, logic functions 
and other software and tools, and its AMPP partner logic 
functions, and any output files from any of the foregoing 
(including device programming or simulation files), and any 
associated documentation or information are expressly subject 
to the terms and conditions of the Altera Program License 
Subscription Agreement, the Altera Quartus II License Agreement,
the Altera MegaCore Function License Agreement, or other 
applicable license agreement, including, without limitation, 
that your use is for the sole purpose of programming logic 
devices manufactured by Altera and sold by Altera or its 
authorized distributors.  Please refer to the applicable 
agreement for further details.



+----------------------------------------------------------------------------------+
; Flow Summary                                                                     ;
+------------------------------------+---------------------------------------------+
; Flow Status                        ; Successful - Mon Mar 21 20:06:02 2016       ;
; Quartus II 64-Bit Version          ; 14.0.2 Build 209 09/17/2014 SJ Full Version ;
; Revision Name                      ; Cache                                       ;
; Top-level Entity Name              ; Cache                                       ;
; Family                             ; Cyclone IV E                                ;
; Device                             ; EP4CE115F29C7                               ;
; Timing Models                      ; Final                                       ;
; Total logic elements               ; 3,254 / 114,480 ( 3 % )                     ;
;     Total combinational functions  ; 3,206 / 114,480 ( 3 % )                     ;
;     Dedicated logic registers      ; 787 / 114,480 ( < 1 % )                     ;
; Total registers                    ; 787                                         ;
; Total pins                         ; 62 / 529 ( 12 % )                           ;
; Total virtual pins                 ; 0                                           ;
; Total memory bits                  ; 65,536 / 3,981,312 ( 2 % )                  ;
; Embedded Multiplier 9-bit elements ; 0 / 532 ( 0 % )                             ;
; Total PLLs                         ; 0 / 4 ( 0 % )                               ;
+------------------------------------+---------------------------------------------+


+-----------------------------------------+
; Flow Settings                           ;
+-------------------+---------------------+
; Option            ; Setting             ;
+-------------------+---------------------+
; Start date & time ; 03/21/2016 19:58:33 ;
; Main task         ; Compilation         ;
; Revision Name     ; Cache               ;
+-------------------+---------------------+


+------------------------------------------------------------------------------------------------------------------------------------------+
; Flow Non-Default Global Settings                                                                                                         ;
+-------------------------------------+-----------------------------------------------------+---------------+-------------+----------------+
; Assignment Name                     ; Value                                               ; Default Value ; Entity Name ; Section Id     ;
+-------------------------------------+-----------------------------------------------------+---------------+-------------+----------------+
; COMPILER_SIGNATURE_ID               ; 203178706091723.145860111306416                     ; --            ; --          ; --             ;
; EDA_GENERATE_FUNCTIONAL_NETLIST     ; On                                                  ; --            ; --          ; eda_simulation ;
; EDA_NETLIST_WRITER_OUTPUT_DIR       ; C:/Users/dorozco/Desktop/testCache/simulation/qsim/ ; --            ; --          ; eda_simulation ;
; EDA_OUTPUT_DATA_FORMAT              ; Verilog Hdl                                         ; --            ; --          ; eda_simulation ;
; EDA_SIMULATION_TOOL                 ; ModelSim-Altera (Verilog)                           ; <None>        ; --          ; --             ;
; IP_GENERATED_DEVICE_FAMILY          ; {Cyclone IV E}                                      ; --            ; --          ; --             ;
; IP_TOOL_NAME                        ; RAM: 1-PORT                                         ; --            ; --          ; --             ;
; IP_TOOL_VERSION                     ; 14.0                                                ; --            ; --          ; --             ;
; MAX_CORE_JUNCTION_TEMP              ; 85                                                  ; --            ; --          ; --             ;
; MIN_CORE_JUNCTION_TEMP              ; 0                                                   ; --            ; --          ; --             ;
; MISC_FILE                           ; MainMemory_inst.vhd                                 ; --            ; --          ; --             ;
; MISC_FILE                           ; MainMemory.cmp                                      ; --            ; --          ; --             ;
; NOMINAL_CORE_SUPPLY_VOLTAGE         ; 1.2V                                                ; --            ; --          ; --             ;
; PARTITION_COLOR                     ; 16764057                                            ; --            ; --          ; Top            ;
; PARTITION_FITTER_PRESERVATION_LEVEL ; PLACEMENT_AND_ROUTING                               ; --            ; --          ; Top            ;
; PARTITION_NETLIST_TYPE              ; SOURCE                                              ; --            ; --          ; Top            ;
; POWER_BOARD_THERMAL_MODEL           ; None (CONSERVATIVE)                                 ; --            ; --          ; --             ;
; POWER_PRESET_COOLING_SOLUTION       ; 23 MM HEAT SINK WITH 200 LFPM AIRFLOW               ; --            ; --          ; --             ;
; PROJECT_OUTPUT_DIRECTORY            ; output_files                                        ; --            ; --          ; --             ;
+-------------------------------------+-----------------------------------------------------+---------------+-------------+----------------+


+-------------------------------------------------------------------------------------------------------------------------------+
; Flow Elapsed Time                                                                                                             ;
+---------------------------+--------------+-------------------------+---------------------+------------------------------------+
; Module Name               ; Elapsed Time ; Average Processors Used ; Peak Virtual Memory ; Total CPU Time (on all processors) ;
+---------------------------+--------------+-------------------------+---------------------+------------------------------------+
; Analysis & Synthesis      ; 00:00:15     ; 1.0                     ; 636 MB              ; 00:00:07                           ;
; Fitter                    ; 00:00:53     ; 2.2                     ; 1589 MB             ; 00:01:03                           ;
; Assembler                 ; 00:00:05     ; 1.0                     ; 535 MB              ; 00:00:05                           ;
; TimeQuest Timing Analyzer ; 00:00:06     ; 1.0                     ; 672 MB              ; 00:00:06                           ;
; EDA Netlist Writer        ; 00:00:01     ; 1.0                     ; 467 MB              ; 00:00:01                           ;
; EDA Netlist Writer        ; 00:00:01     ; 1.0                     ; 475 MB              ; 00:00:01                           ;
; EDA Netlist Writer        ; 00:00:02     ; 1.0                     ; 475 MB              ; 00:00:01                           ;
; EDA Netlist Writer        ; 00:00:01     ; 1.0                     ; 475 MB              ; 00:00:01                           ;
; EDA Netlist Writer        ; 00:00:02     ; 1.0                     ; 475 MB              ; 00:00:01                           ;
; EDA Netlist Writer        ; 00:00:01     ; 1.0                     ; 475 MB              ; 00:00:01                           ;
; EDA Netlist Writer        ; 00:00:02     ; 1.0                     ; 475 MB              ; 00:00:01                           ;
; Total                     ; 00:01:29     ; --                      ; --                  ; 00:01:28                           ;
+---------------------------+--------------+-------------------------+---------------------+------------------------------------+


+----------------------------------------------------------------------------------------+
; Flow OS Summary                                                                        ;
+---------------------------+------------------+-----------+------------+----------------+
; Module Name               ; Machine Hostname ; OS Name   ; OS Version ; Processor type ;
+---------------------------+------------------+-----------+------------+----------------+
; Analysis & Synthesis      ; FR-ECE-30164     ; Windows 7 ; 6.1        ; x86_64         ;
; Fitter                    ; FR-ECE-30164     ; Windows 7 ; 6.1        ; x86_64         ;
; Assembler                 ; FR-ECE-30164     ; Windows 7 ; 6.1        ; x86_64         ;
; TimeQuest Timing Analyzer ; FR-ECE-30164     ; Windows 7 ; 6.1        ; x86_64         ;
; EDA Netlist Writer        ; FR-ECE-30164     ; Windows 7 ; 6.1        ; x86_64         ;
; EDA Netlist Writer        ; FR-ECE-30164     ; Windows 7 ; 6.1        ; x86_64         ;
; EDA Netlist Writer        ; FR-ECE-30164     ; Windows 7 ; 6.1        ; x86_64         ;
; EDA Netlist Writer        ; FR-ECE-30164     ; Windows 7 ; 6.1        ; x86_64         ;
; EDA Netlist Writer        ; FR-ECE-30164     ; Windows 7 ; 6.1        ; x86_64         ;
; EDA Netlist Writer        ; FR-ECE-30164     ; Windows 7 ; 6.1        ; x86_64         ;
; EDA Netlist Writer        ; FR-ECE-30164     ; Windows 7 ; 6.1        ; x86_64         ;
+---------------------------+------------------+-----------+------------+----------------+


------------
; Flow Log ;
------------
quartus_map --read_settings_files=on --write_settings_files=off Cache -c Cache
quartus_fit --read_settings_files=off --write_settings_files=off Cache -c Cache
quartus_asm --read_settings_files=off --write_settings_files=off Cache -c Cache
quartus_sta Cache -c Cache
quartus_eda --read_settings_files=off --write_settings_files=off Cache -c Cache
quartus_eda --gen_testbench --check_outputs=on --tool=modelsim_oem --format=verilog Cache -c Cache --vector_source=C:/Users/dorozco/Desktop/testCache/cache-Sim.vwf --testbench_file=C:/Users/dorozco/Desktop/testCache/simulation/qsim/cache-Sim.vwf.vt
quartus_eda --functional=on --flatten_buses=off --simulation=on --tool=modelsim_oem --format=verilog --output_directory=C:/Users/dorozco/Desktop/testCache/simulation/qsim/ Cache -c Cache
quartus_eda --gen_testbench --check_outputs=on --tool=modelsim_oem --format=verilog Cache -c Cache --vector_source=C:/Users/dorozco/Desktop/testCache/cache-Sim.vwf --testbench_file=C:/Users/dorozco/Desktop/testCache/simulation/qsim/cache-Sim.vwf.vt
quartus_eda --functional=on --flatten_buses=off --simulation=on --tool=modelsim_oem --format=verilog --output_directory=C:/Users/dorozco/Desktop/testCache/simulation/qsim/ Cache -c Cache
quartus_eda --gen_testbench --check_outputs=on --tool=modelsim_oem --format=verilog Cache -c Cache --vector_source=C:/Users/dorozco/Desktop/testCache/cache-Sim.vwf --testbench_file=C:/Users/dorozco/Desktop/testCache/simulation/qsim/cache-Sim.vwf.vt
quartus_eda --functional=on --flatten_buses=off --simulation=on --tool=modelsim_oem --format=verilog --output_directory=C:/Users/dorozco/Desktop/testCache/simulation/qsim/ Cache -c Cache



