------------------------------------------------------------
TimeQuest Timing Analyzer Summary
------------------------------------------------------------

Type  : Slow 1200mV 85C Model Setup 'clock'
Slack : -7.480
TNS   : -3328.122

Type  : Slow 1200mV 85C Model Setup 'CacheController:Unit1|send_block_out'
Slack : -6.255
TNS   : -348.201

Type  : Slow 1200mV 85C Model Setup 'reset'
Slack : -4.476
TNS   : -1278.396

Type  : Slow 1200mV 85C Model Setup 'CacheController:Unit1|replaceStatusOut'
Slack : -2.338
TNS   : -16.229

Type  : Slow 1200mV 85C Model Setup 'MainMemory:Unit2|slowClock'
Slack : -0.594
TNS   : -4.388

Type  : Slow 1200mV 85C Model Hold 'reset'
Slack : -3.400
TNS   : -312.757

Type  : Slow 1200mV 85C Model Hold 'MainMemory:Unit2|slowClock'
Slack : -0.399
TNS   : -2.753

Type  : Slow 1200mV 85C Model Hold 'clock'
Slack : -0.163
TNS   : -0.990

Type  : Slow 1200mV 85C Model Hold 'CacheController:Unit1|replaceStatusOut'
Slack : -0.026
TNS   : -0.026

Type  : Slow 1200mV 85C Model Hold 'CacheController:Unit1|send_block_out'
Slack : 0.869
TNS   : 0.000

Type  : Slow 1200mV 85C Model Recovery 'clock'
Slack : -4.833
TNS   : -2263.389

Type  : Slow 1200mV 85C Model Recovery 'reset'
Slack : -0.252
TNS   : -0.626

Type  : Slow 1200mV 85C Model Removal 'reset'
Slack : -2.082
TNS   : -805.356

Type  : Slow 1200mV 85C Model Removal 'clock'
Slack : -0.185
TNS   : -18.777

Type  : Slow 1200mV 85C Model Minimum Pulse Width 'clock'
Slack : -3.000
TNS   : -1137.655

Type  : Slow 1200mV 85C Model Minimum Pulse Width 'reset'
Slack : -3.000
TNS   : -3.000

Type  : Slow 1200mV 85C Model Minimum Pulse Width 'MainMemory:Unit2|slowClock'
Slack : -2.693
TNS   : -86.176

Type  : Slow 1200mV 85C Model Minimum Pulse Width 'CacheController:Unit1|send_block_out'
Slack : -1.285
TNS   : -82.240

Type  : Slow 1200mV 85C Model Minimum Pulse Width 'CacheController:Unit1|replaceStatusOut'
Slack : 0.428
TNS   : 0.000

Type  : Slow 1200mV 0C Model Setup 'clock'
Slack : -6.913
TNS   : -2979.972

Type  : Slow 1200mV 0C Model Setup 'CacheController:Unit1|send_block_out'
Slack : -5.679
TNS   : -311.454

Type  : Slow 1200mV 0C Model Setup 'reset'
Slack : -4.115
TNS   : -1129.549

Type  : Slow 1200mV 0C Model Setup 'CacheController:Unit1|replaceStatusOut'
Slack : -2.178
TNS   : -15.170

Type  : Slow 1200mV 0C Model Setup 'MainMemory:Unit2|slowClock'
Slack : -0.469
TNS   : -3.170

Type  : Slow 1200mV 0C Model Hold 'reset'
Slack : -3.061
TNS   : -274.218

Type  : Slow 1200mV 0C Model Hold 'MainMemory:Unit2|slowClock'
Slack : -0.261
TNS   : -1.699

Type  : Slow 1200mV 0C Model Hold 'clock'
Slack : -0.139
TNS   : -0.519

Type  : Slow 1200mV 0C Model Hold 'CacheController:Unit1|replaceStatusOut'
Slack : 0.107
TNS   : 0.000

Type  : Slow 1200mV 0C Model Hold 'CacheController:Unit1|send_block_out'
Slack : 0.743
TNS   : 0.000

Type  : Slow 1200mV 0C Model Recovery 'clock'
Slack : -4.261
TNS   : -1985.577

Type  : Slow 1200mV 0C Model Recovery 'reset'
Slack : -0.426
TNS   : -2.103

Type  : Slow 1200mV 0C Model Removal 'reset'
Slack : -1.845
TNS   : -709.134

Type  : Slow 1200mV 0C Model Removal 'clock'
Slack : -0.183
TNS   : -18.710

Type  : Slow 1200mV 0C Model Minimum Pulse Width 'clock'
Slack : -3.000
TNS   : -1137.655

Type  : Slow 1200mV 0C Model Minimum Pulse Width 'reset'
Slack : -3.000
TNS   : -3.000

Type  : Slow 1200mV 0C Model Minimum Pulse Width 'MainMemory:Unit2|slowClock'
Slack : -2.649
TNS   : -84.768

Type  : Slow 1200mV 0C Model Minimum Pulse Width 'CacheController:Unit1|send_block_out'
Slack : -1.285
TNS   : -82.240

Type  : Slow 1200mV 0C Model Minimum Pulse Width 'CacheController:Unit1|replaceStatusOut'
Slack : 0.389
TNS   : 0.000

Type  : Fast 1200mV 0C Model Setup 'clock'
Slack : -3.504
TNS   : -1339.012

Type  : Fast 1200mV 0C Model Setup 'CacheController:Unit1|send_block_out'
Slack : -2.953
TNS   : -159.684

Type  : Fast 1200mV 0C Model Setup 'reset'
Slack : -1.739
TNS   : -356.949

Type  : Fast 1200mV 0C Model Setup 'CacheController:Unit1|replaceStatusOut'
Slack : -0.900
TNS   : -5.383

Type  : Fast 1200mV 0C Model Setup 'MainMemory:Unit2|slowClock'
Slack : -0.151
TNS   : -0.835

Type  : Fast 1200mV 0C Model Hold 'reset'
Slack : -1.978
TNS   : -279.382

Type  : Fast 1200mV 0C Model Hold 'MainMemory:Unit2|slowClock'
Slack : -0.296
TNS   : -2.375

Type  : Fast 1200mV 0C Model Hold 'clock'
Slack : -0.275
TNS   : -2.837

Type  : Fast 1200mV 0C Model Hold 'CacheController:Unit1|replaceStatusOut'
Slack : 0.156
TNS   : 0.000

Type  : Fast 1200mV 0C Model Hold 'CacheController:Unit1|send_block_out'
Slack : 0.347
TNS   : 0.000

Type  : Fast 1200mV 0C Model Recovery 'clock'
Slack : -2.255
TNS   : -1061.715

Type  : Fast 1200mV 0C Model Recovery 'reset'
Slack : 0.145
TNS   : 0.000

Type  : Fast 1200mV 0C Model Removal 'reset'
Slack : -1.088
TNS   : -413.979

Type  : Fast 1200mV 0C Model Removal 'clock'
Slack : -0.109
TNS   : -11.001

Type  : Fast 1200mV 0C Model Minimum Pulse Width 'clock'
Slack : -3.000
TNS   : -952.970

Type  : Fast 1200mV 0C Model Minimum Pulse Width 'reset'
Slack : -3.000
TNS   : -3.000

Type  : Fast 1200mV 0C Model Minimum Pulse Width 'CacheController:Unit1|send_block_out'
Slack : -1.000
TNS   : -64.000

Type  : Fast 1200mV 0C Model Minimum Pulse Width 'MainMemory:Unit2|slowClock'
Slack : -1.000
TNS   : -32.000

Type  : Fast 1200mV 0C Model Minimum Pulse Width 'CacheController:Unit1|replaceStatusOut'
Slack : 0.370
TNS   : 0.000

------------------------------------------------------------
